// Jest Snapshot v1, https://goo.gl/fbAQLP

exports[`<Home/> Matches snapshot correctly 1`] = `
<View
  style={
    Array [
      Object {
        "alignItems": "center",
        "backgroundColor": "#00ae6b",
        "flexBasis": 0,
        "flexGrow": 1,
        "flexShrink": 1,
        "justifyContent": "center",
      },
    ]
  }
>
  <Text
    style={
      Array [
        Object {
          "fontFamily": "Fira-Sans",
          "fontSize": 26,
          "marginBottom": 10,
          "marginLeft": 10,
          "marginRight": 10,
          "marginTop": 10,
        },
      ]
    }
  >
    <Text
      style={
        Array [
          Object {
            "color": "#000",
          },
        ]
      }
    >
      Credit 
    </Text>
    <Text
      style={
        Array [
          Object {
            "color": "#C5B358",
          },
        ]
      }
    >
      Card 
    </Text>
    <Text
      style={
        Array [
          Object {
            "color": "#B22222",
          },
        ]
      }
    >
      Roulette
    </Text>
  </Text>
  <View
    accessible={true}
    focusable={true}
    isTVSelectable={true}
    onClick={[Function]}
    onResponderGrant={[Function]}
    onResponderMove={[Function]}
    onResponderRelease={[Function]}
    onResponderTerminate={[Function]}
    onResponderTerminationRequest={[Function]}
    onStartShouldSetResponder={[Function]}
    style={
      Array [
        Object {
          "alignItems": "center",
          "backgroundColor": "#C5B358",
          "borderColor": "#000",
          "borderRadius": 3,
          "borderStyle": "solid",
          "borderWidth": 2,
          "justifyContent": "center",
          "marginBottom": 16,
          "marginLeft": 16,
          "marginRight": 16,
          "marginTop": 16,
          "paddingBottom": 16,
          "paddingLeft": 30,
          "paddingRight": 30,
          "paddingTop": 16,
        },
      ]
    }
    testID="button"
  >
    <Text
      style={
        Array [
          Object {
            "fontFamily": "Merriweather-Regular",
            "fontSize": 16,
          },
          null,
        ]
      }
      testID="buttonTitle"
    >
      Play
    </Text>
  </View>
</View>
`;
