// Jest Snapshot v1, https://goo.gl/fbAQLP

exports[`<TextInput/> Snapshot matches correctly 1`] = `
<TextInput
  allowFontScaling={true}
  onChange={[MockFunction]}
  placeholder="Placeholder"
  rejectResponderTermination={true}
  underlineColorAndroid="transparent"
  value="Value"
/>
`;
